../Core/Src/main.c:77:6:Display_Temp	16	static
../Core/Src/main.c:82:6:Display_Rh	16	static
../Core/Src/main.c:86:6:Config_Lora	8	static
../Core/Src/main.c:111:6:lcd_config	8	static
../Core/Src/main.c:126:5:main	24	static
../Core/Src/main.c:218:6:SystemClock_Config	88	static
../Core/Src/main.c:264:13:MX_I2C1_Init	8	static
../Core/Src/main.c:298:13:MX_SPI1_Init	8	static
../Core/Src/main.c:336:13:MX_USART2_UART_Init	8	static
../Core/Src/main.c:369:13:MX_GPIO_Init	48	static
../Core/Src/main.c:419:6:Error_Handler	4	static,ignoring_inline_asm
