../Core/Src/main.c:79:6:Display_Temp	16	static
../Core/Src/main.c:84:6:Display_Rh	16	static
../Core/Src/main.c:88:6:Config_Lora	8	static
../Core/Src/main.c:113:6:lcd_config	8	static
../Core/Src/main.c:128:5:main	24	static
../Core/Src/main.c:225:6:SystemClock_Config	88	static
../Core/Src/main.c:271:13:MX_I2C1_Init	8	static
../Core/Src/main.c:305:13:MX_SPI1_Init	8	static
../Core/Src/main.c:343:13:MX_USART1_UART_Init	8	static
../Core/Src/main.c:376:13:MX_USART2_UART_Init	8	static
../Core/Src/main.c:409:13:MX_GPIO_Init	48	static
../Core/Src/main.c:459:6:Error_Handler	4	static,ignoring_inline_asm
